// Jest Snapshot v1, https://jestjs.io/docs/snapshot-testing

exports[`BlogsPage matches snapshot 1`] = `
<main
  class="flex flex-col justify-center py-10"
>
  <div
    data-testid="blog-welcome-header"
  >
    Blog Welcome Header
  </div>
  <div
    class="flex flex-col items-center justify-between mx-8"
  >
    <div
      class="w-full px-12 text-tsk-primary-dark mt-10"
    >
      <h3
        class="font-body text-xl font-bold mb-5"
      >
        Categories
      </h3>
      <div
        data-testid="tag-selector"
      >
        Tag Selector
      </div>
    </div>
  </div>
</main>
`;
